Archive member included to satisfy reference by file (symbol)

/usr/lib/gcc/avr/5.4.0/../../../avr/lib/avrxmega3/libm.a(cmpsf2.o)
                              build/default/debug/main.o (__ltsf2)
/usr/lib/gcc/avr/5.4.0/../../../avr/lib/avrxmega3/libm.a(divsf3.o)
                              build/default/debug/Servo_SG90.o (__divsf3)
/usr/lib/gcc/avr/5.4.0/../../../avr/lib/avrxmega3/libm.a(divsf3x.o)
                              /usr/lib/gcc/avr/5.4.0/../../../avr/lib/avrxmega3/libm.a(divsf3.o) (__divsf3x)
/usr/lib/gcc/avr/5.4.0/../../../avr/lib/avrxmega3/libm.a(fixunssfsi.o)
                              build/default/debug/Servo_SG90.o (__fixunssfsi)
/usr/lib/gcc/avr/5.4.0/../../../avr/lib/avrxmega3/libm.a(floatsisf.o)
                              build/default/debug/Servo_SG90.o (__floatunsisf)
/usr/lib/gcc/avr/5.4.0/../../../avr/lib/avrxmega3/libm.a(fp_cmp.o)
                              /usr/lib/gcc/avr/5.4.0/../../../avr/lib/avrxmega3/libm.a(cmpsf2.o) (__fp_cmp)
/usr/lib/gcc/avr/5.4.0/../../../avr/lib/avrxmega3/libm.a(fp_inf.o)
                              /usr/lib/gcc/avr/5.4.0/../../../avr/lib/avrxmega3/libm.a(divsf3x.o) (__fp_inf)
/usr/lib/gcc/avr/5.4.0/../../../avr/lib/avrxmega3/libm.a(fp_nan.o)
                              /usr/lib/gcc/avr/5.4.0/../../../avr/lib/avrxmega3/libm.a(divsf3x.o) (__fp_nan)
/usr/lib/gcc/avr/5.4.0/../../../avr/lib/avrxmega3/libm.a(fp_pscA.o)
                              /usr/lib/gcc/avr/5.4.0/../../../avr/lib/avrxmega3/libm.a(divsf3x.o) (__fp_pscA)
/usr/lib/gcc/avr/5.4.0/../../../avr/lib/avrxmega3/libm.a(fp_pscB.o)
                              /usr/lib/gcc/avr/5.4.0/../../../avr/lib/avrxmega3/libm.a(divsf3x.o) (__fp_pscB)
/usr/lib/gcc/avr/5.4.0/../../../avr/lib/avrxmega3/libm.a(fp_round.o)
                              /usr/lib/gcc/avr/5.4.0/../../../avr/lib/avrxmega3/libm.a(divsf3.o) (__fp_round)
/usr/lib/gcc/avr/5.4.0/../../../avr/lib/avrxmega3/libm.a(fp_split3.o)
                              /usr/lib/gcc/avr/5.4.0/../../../avr/lib/avrxmega3/libm.a(divsf3x.o) (__fp_split3)
/usr/lib/gcc/avr/5.4.0/../../../avr/lib/avrxmega3/libm.a(fp_zero.o)
                              /usr/lib/gcc/avr/5.4.0/../../../avr/lib/avrxmega3/libm.a(fixunssfsi.o) (__fp_zero)
/usr/lib/gcc/avr/5.4.0/../../../avr/lib/avrxmega3/libm.a(mulsf3.o)
                              build/default/debug/Servo_SG90.o (__mulsf3)
/usr/lib/gcc/avr/5.4.0/../../../avr/lib/avrxmega3/libm.a(mulsf3x.o)
                              /usr/lib/gcc/avr/5.4.0/../../../avr/lib/avrxmega3/libm.a(mulsf3.o) (__mulsf3x)
/usr/lib/gcc/avr/5.4.0/avrxmega3/libgcc.a(_udivmodsi4.o)
                              build/default/debug/Servo_SG90.o (__udivmodsi4)
/usr/lib/gcc/avr/5.4.0/avrxmega3/libgcc.a(_exit.o)
                              /opt/microchip/mplabx/v6.15/packs/Microchip/ATtiny_DFP/3.0.151/gcc/dev/attiny1627/avrxmega3/crtattiny1627.o (exit)
/usr/lib/gcc/avr/5.4.0/avrxmega3/libgcc.a(_copy_data.o)
                              build/default/debug/main.o (__do_copy_data)
/usr/lib/gcc/avr/5.4.0/avrxmega3/libgcc.a(_clear_bss.o)
                              build/default/debug/main.o (__do_clear_bss)
/usr/lib/gcc/avr/5.4.0/../../../avr/lib/avrxmega3/libc.a(malloc.o)
                              build/default/debug/Servo_SG90.o (malloc)

Allocating common symbols
Common symbol       size              file

__brkval            0x2               /usr/lib/gcc/avr/5.4.0/../../../avr/lib/avrxmega3/libc.a(malloc.o)
__flp               0x2               /usr/lib/gcc/avr/5.4.0/../../../avr/lib/avrxmega3/libc.a(malloc.o)

Discarded input sections

 .data          0x0000000000000000        0x0 /opt/microchip/mplabx/v6.15/packs/Microchip/ATtiny_DFP/3.0.151/gcc/dev/attiny1627/avrxmega3/crtattiny1627.o
 .bss           0x0000000000000000        0x0 /opt/microchip/mplabx/v6.15/packs/Microchip/ATtiny_DFP/3.0.151/gcc/dev/attiny1627/avrxmega3/crtattiny1627.o
 .text          0x0000000000000000        0x0 build/default/debug/Servo_SG90.o
 .data          0x0000000000000000        0x0 build/default/debug/Servo_SG90.o
 .bss           0x0000000000000000        0x0 build/default/debug/Servo_SG90.o
 .text.Servo_delete
                0x0000000000000000        0x6 build/default/debug/Servo_SG90.o
 .text          0x0000000000000000        0x0 build/default/debug/main.o
 .data          0x0000000000000000        0x0 build/default/debug/main.o
 .bss           0x0000000000000000        0x0 build/default/debug/main.o
 .text          0x0000000000000000        0x0 /usr/lib/gcc/avr/5.4.0/../../../avr/lib/avrxmega3/libm.a(cmpsf2.o)
 .data          0x0000000000000000        0x0 /usr/lib/gcc/avr/5.4.0/../../../avr/lib/avrxmega3/libm.a(cmpsf2.o)
 .bss           0x0000000000000000        0x0 /usr/lib/gcc/avr/5.4.0/../../../avr/lib/avrxmega3/libm.a(cmpsf2.o)
 .text          0x0000000000000000        0x0 /usr/lib/gcc/avr/5.4.0/../../../avr/lib/avrxmega3/libm.a(divsf3.o)
 .data          0x0000000000000000        0x0 /usr/lib/gcc/avr/5.4.0/../../../avr/lib/avrxmega3/libm.a(divsf3.o)
 .bss           0x0000000000000000        0x0 /usr/lib/gcc/avr/5.4.0/../../../avr/lib/avrxmega3/libm.a(divsf3.o)
 .text          0x0000000000000000        0x0 /usr/lib/gcc/avr/5.4.0/../../../avr/lib/avrxmega3/libm.a(divsf3x.o)
 .data          0x0000000000000000        0x0 /usr/lib/gcc/avr/5.4.0/../../../avr/lib/avrxmega3/libm.a(divsf3x.o)
 .bss           0x0000000000000000        0x0 /usr/lib/gcc/avr/5.4.0/../../../avr/lib/avrxmega3/libm.a(divsf3x.o)
 .text          0x0000000000000000        0x0 /usr/lib/gcc/avr/5.4.0/../../../avr/lib/avrxmega3/libm.a(fixunssfsi.o)
 .data          0x0000000000000000        0x0 /usr/lib/gcc/avr/5.4.0/../../../avr/lib/avrxmega3/libm.a(fixunssfsi.o)
 .bss           0x0000000000000000        0x0 /usr/lib/gcc/avr/5.4.0/../../../avr/lib/avrxmega3/libm.a(fixunssfsi.o)
 .text          0x0000000000000000        0x0 /usr/lib/gcc/avr/5.4.0/../../../avr/lib/avrxmega3/libm.a(floatsisf.o)
 .data          0x0000000000000000        0x0 /usr/lib/gcc/avr/5.4.0/../../../avr/lib/avrxmega3/libm.a(floatsisf.o)
 .bss           0x0000000000000000        0x0 /usr/lib/gcc/avr/5.4.0/../../../avr/lib/avrxmega3/libm.a(floatsisf.o)
 .text          0x0000000000000000        0x0 /usr/lib/gcc/avr/5.4.0/../../../avr/lib/avrxmega3/libm.a(fp_cmp.o)
 .data          0x0000000000000000        0x0 /usr/lib/gcc/avr/5.4.0/../../../avr/lib/avrxmega3/libm.a(fp_cmp.o)
 .bss           0x0000000000000000        0x0 /usr/lib/gcc/avr/5.4.0/../../../avr/lib/avrxmega3/libm.a(fp_cmp.o)
 .text          0x0000000000000000        0x0 /usr/lib/gcc/avr/5.4.0/../../../avr/lib/avrxmega3/libm.a(fp_inf.o)
 .data          0x0000000000000000        0x0 /usr/lib/gcc/avr/5.4.0/../../../avr/lib/avrxmega3/libm.a(fp_inf.o)
 .bss           0x0000000000000000        0x0 /usr/lib/gcc/avr/5.4.0/../../../avr/lib/avrxmega3/libm.a(fp_inf.o)
 .text          0x0000000000000000        0x0 /usr/lib/gcc/avr/5.4.0/../../../avr/lib/avrxmega3/libm.a(fp_nan.o)
 .data          0x0000000000000000        0x0 /usr/lib/gcc/avr/5.4.0/../../../avr/lib/avrxmega3/libm.a(fp_nan.o)
 .bss           0x0000000000000000        0x0 /usr/lib/gcc/avr/5.4.0/../../../avr/lib/avrxmega3/libm.a(fp_nan.o)
 .text          0x0000000000000000        0x0 /usr/lib/gcc/avr/5.4.0/../../../avr/lib/avrxmega3/libm.a(fp_pscA.o)
 .data          0x0000000000000000        0x0 /usr/lib/gcc/avr/5.4.0/../../../avr/lib/avrxmega3/libm.a(fp_pscA.o)
 .bss           0x0000000000000000        0x0 /usr/lib/gcc/avr/5.4.0/../../../avr/lib/avrxmega3/libm.a(fp_pscA.o)
 .text          0x0000000000000000        0x0 /usr/lib/gcc/avr/5.4.0/../../../avr/lib/avrxmega3/libm.a(fp_pscB.o)
 .data          0x0000000000000000        0x0 /usr/lib/gcc/avr/5.4.0/../../../avr/lib/avrxmega3/libm.a(fp_pscB.o)
 .bss           0x0000000000000000        0x0 /usr/lib/gcc/avr/5.4.0/../../../avr/lib/avrxmega3/libm.a(fp_pscB.o)
 .text          0x0000000000000000        0x0 /usr/lib/gcc/avr/5.4.0/../../../avr/lib/avrxmega3/libm.a(fp_round.o)
 .data          0x0000000000000000        0x0 /usr/lib/gcc/avr/5.4.0/../../../avr/lib/avrxmega3/libm.a(fp_round.o)
 .bss           0x0000000000000000        0x0 /usr/lib/gcc/avr/5.4.0/../../../avr/lib/avrxmega3/libm.a(fp_round.o)
 .text          0x0000000000000000        0x0 /usr/lib/gcc/avr/5.4.0/../../../avr/lib/avrxmega3/libm.a(fp_split3.o)
 .data          0x0000000000000000        0x0 /usr/lib/gcc/avr/5.4.0/../../../avr/lib/avrxmega3/libm.a(fp_split3.o)
 .bss           0x0000000000000000        0x0 /usr/lib/gcc/avr/5.4.0/../../../avr/lib/avrxmega3/libm.a(fp_split3.o)
 .text          0x0000000000000000        0x0 /usr/lib/gcc/avr/5.4.0/../../../avr/lib/avrxmega3/libm.a(fp_zero.o)
 .data          0x0000000000000000        0x0 /usr/lib/gcc/avr/5.4.0/../../../avr/lib/avrxmega3/libm.a(fp_zero.o)
 .bss           0x0000000000000000        0x0 /usr/lib/gcc/avr/5.4.0/../../../avr/lib/avrxmega3/libm.a(fp_zero.o)
 .text          0x0000000000000000        0x0 /usr/lib/gcc/avr/5.4.0/../../../avr/lib/avrxmega3/libm.a(mulsf3.o)
 .data          0x0000000000000000        0x0 /usr/lib/gcc/avr/5.4.0/../../../avr/lib/avrxmega3/libm.a(mulsf3.o)
 .bss           0x0000000000000000        0x0 /usr/lib/gcc/avr/5.4.0/../../../avr/lib/avrxmega3/libm.a(mulsf3.o)
 .text          0x0000000000000000        0x0 /usr/lib/gcc/avr/5.4.0/../../../avr/lib/avrxmega3/libm.a(mulsf3x.o)
 .data          0x0000000000000000        0x0 /usr/lib/gcc/avr/5.4.0/../../../avr/lib/avrxmega3/libm.a(mulsf3x.o)
 .bss           0x0000000000000000        0x0 /usr/lib/gcc/avr/5.4.0/../../../avr/lib/avrxmega3/libm.a(mulsf3x.o)
 .text          0x0000000000000000        0x0 /usr/lib/gcc/avr/5.4.0/avrxmega3/libgcc.a(_udivmodsi4.o)
 .data          0x0000000000000000        0x0 /usr/lib/gcc/avr/5.4.0/avrxmega3/libgcc.a(_udivmodsi4.o)
 .bss           0x0000000000000000        0x0 /usr/lib/gcc/avr/5.4.0/avrxmega3/libgcc.a(_udivmodsi4.o)
 .text.libgcc.mul
                0x0000000000000000        0x0 /usr/lib/gcc/avr/5.4.0/avrxmega3/libgcc.a(_udivmodsi4.o)
 .text.libgcc   0x0000000000000000        0x0 /usr/lib/gcc/avr/5.4.0/avrxmega3/libgcc.a(_udivmodsi4.o)
 .text.libgcc.prologue
                0x0000000000000000        0x0 /usr/lib/gcc/avr/5.4.0/avrxmega3/libgcc.a(_udivmodsi4.o)
 .text.libgcc.builtins
                0x0000000000000000        0x0 /usr/lib/gcc/avr/5.4.0/avrxmega3/libgcc.a(_udivmodsi4.o)
 .text.libgcc.fmul
                0x0000000000000000        0x0 /usr/lib/gcc/avr/5.4.0/avrxmega3/libgcc.a(_udivmodsi4.o)
 .text.libgcc.fixed
                0x0000000000000000        0x0 /usr/lib/gcc/avr/5.4.0/avrxmega3/libgcc.a(_udivmodsi4.o)
 .text          0x0000000000000000        0x0 /usr/lib/gcc/avr/5.4.0/avrxmega3/libgcc.a(_exit.o)
 .data          0x0000000000000000        0x0 /usr/lib/gcc/avr/5.4.0/avrxmega3/libgcc.a(_exit.o)
 .bss           0x0000000000000000        0x0 /usr/lib/gcc/avr/5.4.0/avrxmega3/libgcc.a(_exit.o)
 .text.libgcc.mul
                0x0000000000000000        0x0 /usr/lib/gcc/avr/5.4.0/avrxmega3/libgcc.a(_exit.o)
 .text.libgcc.div
                0x0000000000000000        0x0 /usr/lib/gcc/avr/5.4.0/avrxmega3/libgcc.a(_exit.o)
 .text.libgcc   0x0000000000000000        0x0 /usr/lib/gcc/avr/5.4.0/avrxmega3/libgcc.a(_exit.o)
 .text.libgcc.prologue
                0x0000000000000000        0x0 /usr/lib/gcc/avr/5.4.0/avrxmega3/libgcc.a(_exit.o)
 .text.libgcc.builtins
                0x0000000000000000        0x0 /usr/lib/gcc/avr/5.4.0/avrxmega3/libgcc.a(_exit.o)
 .text.libgcc.fmul
                0x0000000000000000        0x0 /usr/lib/gcc/avr/5.4.0/avrxmega3/libgcc.a(_exit.o)
 .text.libgcc.fixed
                0x0000000000000000        0x0 /usr/lib/gcc/avr/5.4.0/avrxmega3/libgcc.a(_exit.o)
 .text          0x0000000000000000        0x0 /usr/lib/gcc/avr/5.4.0/avrxmega3/libgcc.a(_copy_data.o)
 .data          0x0000000000000000        0x0 /usr/lib/gcc/avr/5.4.0/avrxmega3/libgcc.a(_copy_data.o)
 .bss           0x0000000000000000        0x0 /usr/lib/gcc/avr/5.4.0/avrxmega3/libgcc.a(_copy_data.o)
 .text.libgcc.mul
                0x0000000000000000        0x0 /usr/lib/gcc/avr/5.4.0/avrxmega3/libgcc.a(_copy_data.o)
 .text.libgcc.div
                0x0000000000000000        0x0 /usr/lib/gcc/avr/5.4.0/avrxmega3/libgcc.a(_copy_data.o)
 .text.libgcc   0x0000000000000000        0x0 /usr/lib/gcc/avr/5.4.0/avrxmega3/libgcc.a(_copy_data.o)
 .text.libgcc.prologue
                0x0000000000000000        0x0 /usr/lib/gcc/avr/5.4.0/avrxmega3/libgcc.a(_copy_data.o)
 .text.libgcc.builtins
                0x0000000000000000        0x0 /usr/lib/gcc/avr/5.4.0/avrxmega3/libgcc.a(_copy_data.o)
 .text.libgcc.fmul
                0x0000000000000000        0x0 /usr/lib/gcc/avr/5.4.0/avrxmega3/libgcc.a(_copy_data.o)
 .text.libgcc.fixed
                0x0000000000000000        0x0 /usr/lib/gcc/avr/5.4.0/avrxmega3/libgcc.a(_copy_data.o)
 .text          0x0000000000000000        0x0 /usr/lib/gcc/avr/5.4.0/avrxmega3/libgcc.a(_clear_bss.o)
 .data          0x0000000000000000        0x0 /usr/lib/gcc/avr/5.4.0/avrxmega3/libgcc.a(_clear_bss.o)
 .bss           0x0000000000000000        0x0 /usr/lib/gcc/avr/5.4.0/avrxmega3/libgcc.a(_clear_bss.o)
 .text.libgcc.mul
                0x0000000000000000        0x0 /usr/lib/gcc/avr/5.4.0/avrxmega3/libgcc.a(_clear_bss.o)
 .text.libgcc.div
                0x0000000000000000        0x0 /usr/lib/gcc/avr/5.4.0/avrxmega3/libgcc.a(_clear_bss.o)
 .text.libgcc   0x0000000000000000        0x0 /usr/lib/gcc/avr/5.4.0/avrxmega3/libgcc.a(_clear_bss.o)
 .text.libgcc.prologue
                0x0000000000000000        0x0 /usr/lib/gcc/avr/5.4.0/avrxmega3/libgcc.a(_clear_bss.o)
 .text.libgcc.builtins
                0x0000000000000000        0x0 /usr/lib/gcc/avr/5.4.0/avrxmega3/libgcc.a(_clear_bss.o)
 .text.libgcc.fmul
                0x0000000000000000        0x0 /usr/lib/gcc/avr/5.4.0/avrxmega3/libgcc.a(_clear_bss.o)
 .text.libgcc.fixed
                0x0000000000000000        0x0 /usr/lib/gcc/avr/5.4.0/avrxmega3/libgcc.a(_clear_bss.o)
 .text          0x0000000000000000        0x0 /usr/lib/gcc/avr/5.4.0/../../../avr/lib/avrxmega3/libc.a(malloc.o)
 .bss           0x0000000000000000        0x0 /usr/lib/gcc/avr/5.4.0/../../../avr/lib/avrxmega3/libc.a(malloc.o)

Memory Configuration

Name             Origin             Length             Attributes
text             0x0000000000000000 0x0000000000004000 xr
data             0x0000000000803800 0x0000000000000800 rw !x
eeprom           0x0000000000810000 0x0000000000000100 rw !x
fuse             0x0000000000820000 0x000000000000000a rw !x
lock             0x0000000000830000 0x0000000000000400 rw !x
signature        0x0000000000840000 0x0000000000000400 rw !x
user_signatures  0x0000000000850000 0x0000000000000400 rw !x
*default*        0x0000000000000000 0xffffffffffffffff

Linker script and memory map

Address of section .data set to 0x803800
                0x0000000000008000                __RODATA_PM_OFFSET__ = 0x8000
LOAD /opt/microchip/mplabx/v6.15/packs/Microchip/ATtiny_DFP/3.0.151/gcc/dev/attiny1627/avrxmega3/crtattiny1627.o
LOAD build/default/debug/Servo_SG90.o
LOAD build/default/debug/main.o
                0x0000000000000001                __MPLAB_BUILD = 0x1
                0x0000000000000001                __ICD2RAM = 0x1
                0x0000000000000001                __MPLAB_DEBUG = 0x1
                0x0000000000000001                __DEBUG = 0x1
START GROUP
LOAD /usr/lib/gcc/avr/5.4.0/../../../avr/lib/avrxmega3/libm.a
END GROUP
START GROUP
LOAD /usr/lib/gcc/avr/5.4.0/avrxmega3/libgcc.a
LOAD /usr/lib/gcc/avr/5.4.0/../../../avr/lib/avrxmega3/libm.a
LOAD /usr/lib/gcc/avr/5.4.0/../../../avr/lib/avrxmega3/libc.a
LOAD /opt/microchip/mplabx/v6.15/packs/Microchip/ATtiny_DFP/3.0.151/gcc/dev/attiny1627/avrxmega3/libattiny1627.a
END GROUP
                [0x0000000000000000]                __TEXT_REGION_ORIGIN__ = DEFINED (__TEXT_REGION_ORIGIN__)?__TEXT_REGION_ORIGIN__:0x0
                [0x0000000000803800]                __DATA_REGION_ORIGIN__ = DEFINED (__DATA_REGION_ORIGIN__)?__DATA_REGION_ORIGIN__:0x802000
                [0x0000000000004000]                __TEXT_REGION_LENGTH__ = DEFINED (__TEXT_REGION_LENGTH__)?__TEXT_REGION_LENGTH__:0x100000
                [0x0000000000000800]                __DATA_REGION_LENGTH__ = DEFINED (__DATA_REGION_LENGTH__)?__DATA_REGION_LENGTH__:0xffa0
                [0x0000000000000100]                __EEPROM_REGION_LENGTH__ = DEFINED (__EEPROM_REGION_LENGTH__)?__EEPROM_REGION_LENGTH__:0x10000
                [0x000000000000000a]                __FUSE_REGION_LENGTH__ = DEFINED (__FUSE_REGION_LENGTH__)?__FUSE_REGION_LENGTH__:0x400
                0x0000000000000400                __LOCK_REGION_LENGTH__ = DEFINED (__LOCK_REGION_LENGTH__)?__LOCK_REGION_LENGTH__:0x400
                0x0000000000000400                __SIGNATURE_REGION_LENGTH__ = DEFINED (__SIGNATURE_REGION_LENGTH__)?__SIGNATURE_REGION_LENGTH__:0x400
                0x0000000000000400                __USER_SIGNATURE_REGION_LENGTH__ = DEFINED (__USER_SIGNATURE_REGION_LENGTH__)?__USER_SIGNATURE_REGION_LENGTH__:0x400
                0x0000000000008000                __RODATA_PM_OFFSET__ = DEFINED (__RODATA_PM_OFFSET__)?__RODATA_PM_OFFSET__:0x8000

.hash
 *(.hash)

.dynsym
 *(.dynsym)

.dynstr
 *(.dynstr)

.gnu.version
 *(.gnu.version)

.gnu.version_d
 *(.gnu.version_d)

.gnu.version_r
 *(.gnu.version_r)

.rel.init
 *(.rel.init)

.rela.init
 *(.rela.init)

.rel.text
 *(.rel.text)
 *(.rel.text.*)
 *(.rel.gnu.linkonce.t*)

.rela.text
 *(.rela.text)
 *(.rela.text.*)
 *(.rela.gnu.linkonce.t*)

.rel.fini
 *(.rel.fini)

.rela.fini
 *(.rela.fini)

.rel.rodata
 *(.rel.rodata)
 *(.rel.rodata.*)
 *(.rel.gnu.linkonce.r*)

.rela.rodata
 *(.rela.rodata)
 *(.rela.rodata.*)
 *(.rela.gnu.linkonce.r*)

.rel.data
 *(.rel.data)
 *(.rel.data.*)
 *(.rel.gnu.linkonce.d*)

.rela.data
 *(.rela.data)
 *(.rela.data.*)
 *(.rela.gnu.linkonce.d*)

.rel.ctors
 *(.rel.ctors)

.rela.ctors
 *(.rela.ctors)

.rel.dtors
 *(.rel.dtors)

.rela.dtors
 *(.rela.dtors)

.rel.got
 *(.rel.got)

.rela.got
 *(.rela.got)

.rel.bss
 *(.rel.bss)

.rela.bss
 *(.rela.bss)

.rel.plt
 *(.rel.plt)

.rela.plt
 *(.rela.plt)

.text           0x0000000000000000      0xb9e
 *(.vectors)
 .vectors       0x0000000000000000       0x78 /opt/microchip/mplabx/v6.15/packs/Microchip/ATtiny_DFP/3.0.151/gcc/dev/attiny1627/avrxmega3/crtattiny1627.o
                0x0000000000000000                __vectors
                0x0000000000000000                __vector_default
 *(.vectors)
 *(.progmem.gcc*)
                0x0000000000000078                . = ALIGN (0x2)
                0x0000000000000078                __trampolines_start = .
 *(.trampolines)
 .trampolines   0x0000000000000078        0x0 linker stubs
 *(.trampolines*)
                0x0000000000000078                __trampolines_end = .
 *libprintf_flt.a:*(.progmem.data)
 *libc.a:*(.progmem.data)
 *(.progmem*)
                0x0000000000000078                . = ALIGN (0x2)
 *(.jumptables)
 *(.jumptables*)
 *(.lowtext)
 *(.lowtext*)
                0x0000000000000078                __ctors_start = .
 *(.ctors)
                0x0000000000000078                __ctors_end = .
                0x0000000000000078                __dtors_start = .
 *(.dtors)
                0x0000000000000078                __dtors_end = .
 SORT(*)(.ctors)
 SORT(*)(.dtors)
 *(.init0)
 .init0         0x0000000000000078        0x0 /opt/microchip/mplabx/v6.15/packs/Microchip/ATtiny_DFP/3.0.151/gcc/dev/attiny1627/avrxmega3/crtattiny1627.o
                0x0000000000000078                __init
 *(.init0)
 *(.init1)
 *(.init1)
 *(.init2)
 .init2         0x0000000000000078        0xc /opt/microchip/mplabx/v6.15/packs/Microchip/ATtiny_DFP/3.0.151/gcc/dev/attiny1627/avrxmega3/crtattiny1627.o
 *(.init2)
 *(.init3)
 *(.init3)
 *(.init4)
 .init4         0x0000000000000084       0x16 /usr/lib/gcc/avr/5.4.0/avrxmega3/libgcc.a(_copy_data.o)
                0x0000000000000084                __do_copy_data
 .init4         0x000000000000009a       0x10 /usr/lib/gcc/avr/5.4.0/avrxmega3/libgcc.a(_clear_bss.o)
                0x000000000000009a                __do_clear_bss
 *(.init4)
 *(.init5)
 *(.init5)
 *(.init6)
 *(.init6)
 *(.init7)
 *(.init7)
 *(.init8)
 *(.init8)
 *(.init9)
 .init9         0x00000000000000aa        0x8 /opt/microchip/mplabx/v6.15/packs/Microchip/ATtiny_DFP/3.0.151/gcc/dev/attiny1627/avrxmega3/crtattiny1627.o
 *(.init9)
 *(.text)
 .text          0x00000000000000b2        0x4 /opt/microchip/mplabx/v6.15/packs/Microchip/ATtiny_DFP/3.0.151/gcc/dev/attiny1627/avrxmega3/crtattiny1627.o
                0x00000000000000b2                __vector_22
                0x00000000000000b2                __vector_28
                0x00000000000000b2                __vector_1
                0x00000000000000b2                __vector_24
                0x00000000000000b2                __vector_12
                0x00000000000000b2                __bad_interrupt
                0x00000000000000b2                __vector_23
                0x00000000000000b2                __vector_25
                0x00000000000000b2                __vector_17
                0x00000000000000b2                __vector_19
                0x00000000000000b2                __vector_7
                0x00000000000000b2                __vector_27
                0x00000000000000b2                __vector_5
                0x00000000000000b2                __vector_4
                0x00000000000000b2                __vector_9
                0x00000000000000b2                __vector_2
                0x00000000000000b2                __vector_21
                0x00000000000000b2                __vector_15
                0x00000000000000b2                __vector_29
                0x00000000000000b2                __vector_8
                0x00000000000000b2                __vector_26
                0x00000000000000b2                __vector_14
                0x00000000000000b2                __vector_10
                0x00000000000000b2                __vector_16
                0x00000000000000b2                __vector_18
                0x00000000000000b2                __vector_20
                0x00000000000000b6                . = ALIGN (0x2)
 *(.text.*)
 .text.Servo_CalculatePeriod
                0x00000000000000b6       0x32 build/default/debug/Servo_SG90.o
                0x00000000000000b6                Servo_CalculatePeriod
 .text.Servo_CalculateDirections
                0x00000000000000e8       0xac build/default/debug/Servo_SG90.o
                0x00000000000000e8                Servo_CalculateDirections
 .text.Servo_new
                0x0000000000000194       0x8e build/default/debug/Servo_SG90.o
                0x0000000000000194                Servo_new
 .text.Servo_Move
                0x0000000000000222        0x8 build/default/debug/Servo_SG90.o
                0x0000000000000222                Servo_Move
 .text.MainClkCtrl
                0x000000000000022a       0x18 build/default/debug/main.o
                0x000000000000022a                MainClkCtrl
 .text.InitPins
                0x0000000000000242       0x22 build/default/debug/main.o
                0x0000000000000242                InitPins
 .text.InitPWM  0x0000000000000264       0x52 build/default/debug/main.o
                0x0000000000000264                InitPWM
 .text.InitRTC  0x00000000000002b6       0x2c build/default/debug/main.o
                0x00000000000002b6                InitRTC
 .text.InitTCB  0x00000000000002e2       0x26 build/default/debug/main.o
                0x00000000000002e2                InitTCB
 .text.main     0x0000000000000308       0x36 build/default/debug/main.o
                0x0000000000000308                main
 .text.__vector_11
                0x000000000000033e       0x3a build/default/debug/main.o
                0x000000000000033e                __vector_11
 .text.__vector_13
                0x0000000000000378       0x5a build/default/debug/main.o
                0x0000000000000378                __vector_13
 .text.__vector_6
                0x00000000000003d2      0x142 build/default/debug/main.o
                0x00000000000003d2                __vector_6
 .text.__vector_3
                0x0000000000000514       0x76 build/default/debug/main.o
                0x0000000000000514                __vector_3
 .text.avr-libc.fplib
                0x000000000000058a        0xa /usr/lib/gcc/avr/5.4.0/../../../avr/lib/avrxmega3/libm.a(cmpsf2.o)
                0x000000000000058a                __lesf2
                0x000000000000058a                __nesf2
                0x000000000000058a                __eqsf2
                0x000000000000058a                __cmpsf2
                0x000000000000058a                __ltsf2
 .text.avr-libc.fplib
                0x0000000000000594        0x8 /usr/lib/gcc/avr/5.4.0/../../../avr/lib/avrxmega3/libm.a(divsf3.o)
                0x0000000000000594                __divsf3
 .text.avr-libc.fplib
                0x000000000000059c       0xdc /usr/lib/gcc/avr/5.4.0/../../../avr/lib/avrxmega3/libm.a(divsf3x.o)
                0x00000000000005bc                __divsf3x
                0x00000000000005c2                __divsf3_pse
 .text.avr-libc.fplib
                0x0000000000000678       0x5e /usr/lib/gcc/avr/5.4.0/../../../avr/lib/avrxmega3/libm.a(fixunssfsi.o)
                0x0000000000000678                __fixunssfsi
 .text.avr-libc.fplib
                0x00000000000006d6       0x7a /usr/lib/gcc/avr/5.4.0/../../../avr/lib/avrxmega3/libm.a(floatsisf.o)
                0x00000000000006d6                __floatunsisf
                0x00000000000006da                __floatsisf
 .text.avr-libc.fplib
                0x0000000000000750       0x48 /usr/lib/gcc/avr/5.4.0/../../../avr/lib/avrxmega3/libm.a(fp_cmp.o)
                0x0000000000000750                __fp_cmp
 .text.avr-libc.fplib
                0x0000000000000798        0xc /usr/lib/gcc/avr/5.4.0/../../../avr/lib/avrxmega3/libm.a(fp_inf.o)
                0x0000000000000798                __fp_inf
 .text.avr-libc.fplib
                0x00000000000007a4        0x6 /usr/lib/gcc/avr/5.4.0/../../../avr/lib/avrxmega3/libm.a(fp_nan.o)
                0x00000000000007a4                __fp_nan
 .text.avr-libc.fplib
                0x00000000000007aa        0xe /usr/lib/gcc/avr/5.4.0/../../../avr/lib/avrxmega3/libm.a(fp_pscA.o)
                0x00000000000007aa                __fp_pscA
 .text.avr-libc.fplib
                0x00000000000007b8        0xe /usr/lib/gcc/avr/5.4.0/../../../avr/lib/avrxmega3/libm.a(fp_pscB.o)
                0x00000000000007b8                __fp_pscB
 .text.avr-libc.fplib
                0x00000000000007c6       0x22 /usr/lib/gcc/avr/5.4.0/../../../avr/lib/avrxmega3/libm.a(fp_round.o)
                0x00000000000007c6                __fp_round
 .text.avr-libc.fplib
                0x00000000000007e8       0x44 /usr/lib/gcc/avr/5.4.0/../../../avr/lib/avrxmega3/libm.a(fp_split3.o)
                0x00000000000007e8                __fp_split3
                0x00000000000007f8                __fp_splitA
 .text.avr-libc.fplib
                0x000000000000082c        0xe /usr/lib/gcc/avr/5.4.0/../../../avr/lib/avrxmega3/libm.a(fp_zero.o)
                0x000000000000082c                __fp_zero
                0x000000000000082e                __fp_szero
 .text.avr-libc.fplib
                0x000000000000083a        0x8 /usr/lib/gcc/avr/5.4.0/../../../avr/lib/avrxmega3/libm.a(mulsf3.o)
                0x000000000000083a                __mulsf3
 .text.avr-libc.fplib
                0x0000000000000842       0xd2 /usr/lib/gcc/avr/5.4.0/../../../avr/lib/avrxmega3/libm.a(mulsf3x.o)
                0x0000000000000860                __mulsf3x
                0x0000000000000866                __mulsf3_pse
 .text.libgcc.div
                0x0000000000000914       0x44 /usr/lib/gcc/avr/5.4.0/avrxmega3/libgcc.a(_udivmodsi4.o)
                0x0000000000000914                __udivmodsi4
 .text.avr-libc
                0x0000000000000958      0x242 /usr/lib/gcc/avr/5.4.0/../../../avr/lib/avrxmega3/libc.a(malloc.o)
                0x0000000000000958                malloc
                0x0000000000000a88                free
                0x0000000000000b9a                . = ALIGN (0x2)
 *(.fini9)
 .fini9         0x0000000000000b9a        0x0 /usr/lib/gcc/avr/5.4.0/avrxmega3/libgcc.a(_exit.o)
                0x0000000000000b9a                exit
                0x0000000000000b9a                _exit
 *(.fini9)
 *(.fini8)
 *(.fini8)
 *(.fini7)
 *(.fini7)
 *(.fini6)
 *(.fini6)
 *(.fini5)
 *(.fini5)
 *(.fini4)
 *(.fini4)
 *(.fini3)
 *(.fini3)
 *(.fini2)
 *(.fini2)
 *(.fini1)
 *(.fini1)
 *(.fini0)
 .fini0         0x0000000000000b9a        0x4 /usr/lib/gcc/avr/5.4.0/avrxmega3/libgcc.a(_exit.o)
 *(.fini0)
                0x0000000000000b9e                _etext = .

.rodata
 *(.rodata)
 *(.rodata*)
 *(.gnu.linkonce.r*)

.data           0x0000000000803800        0xa load address 0x0000000000000b9e
                0x0000000000803800                PROVIDE (__data_start, .)
 *(.data)
 .data          0x0000000000803800        0x6 /usr/lib/gcc/avr/5.4.0/../../../avr/lib/avrxmega3/libc.a(malloc.o)
                0x0000000000803800                __malloc_heap_end
                0x0000000000803802                __malloc_heap_start
                0x0000000000803804                __malloc_margin
 *(.data*)
 .data.speedOfSound
                0x0000000000803806        0x4 build/default/debug/main.o
                0x0000000000803806                speedOfSound
 *(.gnu.linkonce.d*)
                0x000000000080380a                . = ALIGN (0x2)
                0x000000000080380a                _edata = .
                0x000000000080380a                PROVIDE (__data_end, .)

.bss            0x000000000080380a        0xd
                0x000000000080380a                PROVIDE (__bss_start, .)
 *(.bss)
 *(.bss*)
 .bss.distance  0x000000000080380a        0x4 build/default/debug/main.o
                0x000000000080380a                distance
 .bss.endTime   0x000000000080380e        0x2 build/default/debug/main.o
                0x000000000080380e                endTime
 .bss.waitingForEcho
                0x0000000000803810        0x1 build/default/debug/main.o
                0x0000000000803810                waitingForEcho
 .bss.servo     0x0000000000803811        0x2 build/default/debug/main.o
                0x0000000000803811                servo
 *(COMMON)
 COMMON         0x0000000000803813        0x4 /usr/lib/gcc/avr/5.4.0/../../../avr/lib/avrxmega3/libc.a(malloc.o)
                0x0000000000803813                __brkval
                0x0000000000803815                __flp
                0x0000000000803817                PROVIDE (__bss_end, .)
                0x0000000000000b9e                __data_load_start = LOADADDR (.data)
                0x0000000000000ba8                __data_load_end = (__data_load_start + SIZEOF (.data))

.noinit         0x0000000000803817        0x0
                [!provide]                        PROVIDE (__noinit_start, .)
 *(.noinit*)
                [!provide]                        PROVIDE (__noinit_end, .)
                0x0000000000803817                _end = .
                0x0000000000803817                PROVIDE (__heap_start, .)

.eeprom         0x0000000000810000        0x0
 *(.eeprom*)
                0x0000000000810000                __eeprom_end = .

.fuse
 *(.fuse)
 *(.lfuse)
 *(.hfuse)
 *(.efuse)

.lock
 *(.lock*)

.signature
 *(.signature*)

.user_signatures
 *(.user_signatures*)

.stab
 *(.stab)

.stabstr
 *(.stabstr)

.stab.excl
 *(.stab.excl)

.stab.exclstr
 *(.stab.exclstr)

.stab.index
 *(.stab.index)

.stab.indexstr
 *(.stab.indexstr)

.comment        0x0000000000000000       0x11
 *(.comment)
 .comment       0x0000000000000000       0x11 build/default/debug/Servo_SG90.o
                                         0x12 (size before relaxing)
 .comment       0x0000000000000011       0x12 build/default/debug/main.o
 .comment       0x0000000000000011       0x12 /usr/lib/gcc/avr/5.4.0/../../../avr/lib/avrxmega3/libc.a(malloc.o)

.note.gnu.avr.deviceinfo
                0x0000000000000000       0x40
 .note.gnu.avr.deviceinfo
                0x0000000000000000       0x40 /opt/microchip/mplabx/v6.15/packs/Microchip/ATtiny_DFP/3.0.151/gcc/dev/attiny1627/avrxmega3/crtattiny1627.o

.note.gnu.build-id
 *(.note.gnu.build-id)

.debug
 *(.debug)

.line
 *(.line)

.debug_srcinfo
 *(.debug_srcinfo)

.debug_sfnames
 *(.debug_sfnames)

.debug_aranges  0x0000000000000000       0xa8
 *(.debug_aranges)
 .debug_aranges
                0x0000000000000000       0x40 build/default/debug/Servo_SG90.o
 .debug_aranges
                0x0000000000000040       0x68 build/default/debug/main.o

.debug_pubnames
 *(.debug_pubnames)

.debug_info     0x0000000000000000     0x3147
 *(.debug_info .gnu.linkonce.wi.*)
 .debug_info    0x0000000000000000     0x1b97 /opt/microchip/mplabx/v6.15/packs/Microchip/ATtiny_DFP/3.0.151/gcc/dev/attiny1627/avrxmega3/crtattiny1627.o
 .debug_info    0x0000000000001b97      0x332 build/default/debug/Servo_SG90.o
 .debug_info    0x0000000000001ec9     0x127e build/default/debug/main.o

.debug_abbrev   0x0000000000000000     0x1d87
 *(.debug_abbrev)
 .debug_abbrev  0x0000000000000000     0x1a20 /opt/microchip/mplabx/v6.15/packs/Microchip/ATtiny_DFP/3.0.151/gcc/dev/attiny1627/avrxmega3/crtattiny1627.o
 .debug_abbrev  0x0000000000001a20      0x170 build/default/debug/Servo_SG90.o
 .debug_abbrev  0x0000000000001b90      0x1f7 build/default/debug/main.o

.debug_line     0x0000000000000000      0x56a
 *(.debug_line .debug_line.* .debug_line_end)
 .debug_line    0x0000000000000000      0x14b /opt/microchip/mplabx/v6.15/packs/Microchip/ATtiny_DFP/3.0.151/gcc/dev/attiny1627/avrxmega3/crtattiny1627.o
 .debug_line    0x000000000000014b      0x12d build/default/debug/Servo_SG90.o
 .debug_line    0x0000000000000278      0x2f2 build/default/debug/main.o

.debug_frame    0x0000000000000000      0x26c
 *(.debug_frame)
 .debug_frame   0x0000000000000000       0xd4 build/default/debug/Servo_SG90.o
 .debug_frame   0x00000000000000d4      0x198 build/default/debug/main.o

.debug_str      0x0000000000000000     0x1922
 *(.debug_str)
 .debug_str     0x0000000000000000      0xbdd /opt/microchip/mplabx/v6.15/packs/Microchip/ATtiny_DFP/3.0.151/gcc/dev/attiny1627/avrxmega3/crtattiny1627.o
 .debug_str     0x0000000000000bdd      0x202 build/default/debug/Servo_SG90.o
                                        0x236 (size before relaxing)
 .debug_str     0x0000000000000ddf      0xb43 build/default/debug/main.o
                                        0xd66 (size before relaxing)

.debug_loc      0x0000000000000000      0x54e
 *(.debug_loc)
 .debug_loc     0x0000000000000000      0x2be build/default/debug/Servo_SG90.o
 .debug_loc     0x00000000000002be      0x290 build/default/debug/main.o

.debug_macinfo
 *(.debug_macinfo)

.debug_weaknames
 *(.debug_weaknames)

.debug_funcnames
 *(.debug_funcnames)

.debug_typenames
 *(.debug_typenames)

.debug_varnames
 *(.debug_varnames)

.debug_pubtypes
 *(.debug_pubtypes)

.debug_ranges   0x0000000000000000       0x88
 *(.debug_ranges)
 .debug_ranges  0x0000000000000000       0x30 build/default/debug/Servo_SG90.o
 .debug_ranges  0x0000000000000030       0x58 build/default/debug/main.o

.debug_macro
 *(.debug_macro)
OUTPUT(dist/default/debug/STUART.X.debug.elf elf32-avr)
LOAD linker stubs
